[website4023744.nicepage.io/indexee0b.html]
[backblue.gif]
[fade.gif]
[index.html]
[capp.nicepage.com/2da30e5c652d509759c36b737b78368cdaee2bb8/nicepage.css]
[website4023744.nicepage.io/TEAMO.css]
[www.google.com/recaptcha/api2fdf.js]
[capp.nicepage.com/2da30e5c652d509759c36b737b78368cdaee2bb8/nicepage.js]
[website4023744.nicepage.io/nicepage-site.css]
[capp.nicepage.com/assets/jquery-3.5.1.min.js]
[website4023744.nicepage.io/index.html]
[assets.nicepagecdn.com/d55a4beb/4023744/images/PHOTO-2023-02-07-21-35-141.jpg]
[website4023744.nicepage.io/indexee0b.html]
[capp.nicepage.com/2da30e5c652d509759c36b737b78368cdaee2bb8/nicepage.css]
[website4023744.nicepage.io/nicepage-site.css]
[assets.nicepagecdn.com/d55a4beb/4023744/images/PHOTO-2023-02-07-21-35-11.jpg]
[assets.nicepagecdn.com/d55a4beb/4023744/images/Captura.png]
[assets.nicepagecdn.com/d55a4beb/4023744/images/leonardo-gil-colo-colo_2.png_1355442878.png]
[website4023744.nicepage.io/TEAMO.css]
[capp.nicepage.com/2da30e5c652d509759c36b737b78368cdaee2bb8/nicepage.js]
[website4023744.nicepage.io/index.html]
[website4023744.nicepage.io/Content/BundledScripts/index.html]
[website4023744.nicepage.io/ABCDEFGHIJKLMNOPQRSTUVWXYZabcdefghijklmnopqrstuvwxyz0123456789+/index.html]
[website4023744.nicepage.io/Content/BundledScripts/index.html]
[website4023744.nicepage.io/ABCDEFGHIJKLMNOPQRSTUVWXYZabcdefghijklmnopqrstuvwxyz0123456789+/index.html]
